=== Sync Start: 2026-09-04 04:14:22 ===
>> Pulling openlistteam/openlist:latest-ffmpeg...
latest-ffmpeg: Pulling from openlistteam/openlist
27f884697479: Pulling fs layer
5862439f2197: Pulling fs layer
84e4eecff44c: Pulling fs layer
27c07ed7bf35: Pulling fs layer
4f4fb700ef54: Pulling fs layer
812743a93814: Pulling fs layer
4412b21d9357: Pulling fs layer
8f3abae67893: Pulling fs layer
812743a93814: Waiting
4412b21d9357: Waiting
27c07ed7bf35: Waiting
8f3abae67893: Waiting
4f4fb700ef54: Waiting
5862439f2197: Verifying Checksum
5862439f2197: Download complete
27f884697479: Verifying Checksum
27f884697479: Download complete
27f884697479: Pull complete
84e4eecff44c: Verifying Checksum
84e4eecff44c: Download complete
27c07ed7bf35: Download complete
4f4fb700ef54: Verifying Checksum
4f4fb700ef54: Download complete
812743a93814: Verifying Checksum
812743a93814: Download complete
8f3abae67893: Verifying Checksum
8f3abae67893: Download complete
4412b21d9357: Verifying Checksum
4412b21d9357: Download complete
5862439f2197: Pull complete
84e4eecff44c: Pull complete
27c07ed7bf35: Pull complete
4f4fb700ef54: Pull complete
812743a93814: Pull complete
4412b21d9357: Pull complete
8f3abae67893: Pull complete
Digest: sha256:c72a36f9c77adba5146e537413efb74cdb15f2f6134c1c82fd5374a8c3a3d70b
Status: Downloaded newer image for openlistteam/openlist:latest-ffmpeg
docker.io/openlistteam/openlist:latest-ffmpeg
>> Tagging to ghcr.io/whitisnotme/image-02:latest-ffmpeg...
>> Pushing...
The push refers to repository [ghcr.io/whitisnotme/image-02]
5f70bf18a086: Preparing
c49f0e98f7d3: Preparing
13467528f10e: Preparing
13b349bc3bd5: Preparing
5f70bf18a086: Preparing
b0851d07f667: Preparing
688b274ff578: Preparing
823cb2dcdceb: Preparing
7e7262dcd864: Preparing
688b274ff578: Waiting
823cb2dcdceb: Waiting
7e7262dcd864: Waiting
13467528f10e: Layer already exists
b0851d07f667: Layer already exists
5f70bf18a086: Layer already exists
c49f0e98f7d3: Layer already exists
13b349bc3bd5: Layer already exists
688b274ff578: Layer already exists
823cb2dcdceb: Layer already exists
7e7262dcd864: Layer already exists
latest-ffmpeg: digest: sha256:1ee21dbea619921721594a622464312a5084e0d84155f7ff6c7505268884c2a3 size: 2193
=== Sync Success: 2026-09-04 04:14:29 ===
