=== Sync Start: 2026-09-23 03:04:00 ===
>> Pulling louislam/uptime-kuma:2...
2: Pulling from louislam/uptime-kuma
068fedd6b0f1: Pulling fs layer
5d2860e0a811: Pulling fs layer
3d75e56d73fd: Pulling fs layer
fd31133e23d8: Pulling fs layer
79b3835561d3: Pulling fs layer
864b7b0f219e: Pulling fs layer
07683a18a1c6: Pulling fs layer
575d46df4705: Pulling fs layer
d7466d782dc4: Pulling fs layer
7e0b8e884178: Pulling fs layer
4ef4f0c79ca2: Pulling fs layer
c6700029e14a: Pulling fs layer
5d96d7777a32: Pulling fs layer
2e4313c0fc37: Pulling fs layer
691050c00f32: Pulling fs layer
fd31133e23d8: Waiting
79b3835561d3: Waiting
864b7b0f219e: Waiting
07683a18a1c6: Waiting
575d46df4705: Waiting
d7466d782dc4: Waiting
7e0b8e884178: Waiting
4ef4f0c79ca2: Waiting
c6700029e14a: Waiting
5d96d7777a32: Waiting
2e4313c0fc37: Waiting
691050c00f32: Waiting
5d2860e0a811: Verifying Checksum
5d2860e0a811: Download complete
068fedd6b0f1: Verifying Checksum
068fedd6b0f1: Download complete
fd31133e23d8: Verifying Checksum
fd31133e23d8: Download complete
79b3835561d3: Download complete
3d75e56d73fd: Verifying Checksum
3d75e56d73fd: Download complete
864b7b0f219e: Verifying Checksum
864b7b0f219e: Download complete
07683a18a1c6: Verifying Checksum
07683a18a1c6: Download complete
575d46df4705: Verifying Checksum
575d46df4705: Download complete
7e0b8e884178: Verifying Checksum
7e0b8e884178: Download complete
d7466d782dc4: Verifying Checksum
d7466d782dc4: Download complete
4ef4f0c79ca2: Verifying Checksum
4ef4f0c79ca2: Download complete
c6700029e14a: Verifying Checksum
c6700029e14a: Download complete
2e4313c0fc37: Verifying Checksum
2e4313c0fc37: Download complete
068fedd6b0f1: Pull complete
691050c00f32: Verifying Checksum
691050c00f32: Download complete
5d96d7777a32: Verifying Checksum
5d96d7777a32: Download complete
5d2860e0a811: Pull complete
3d75e56d73fd: Pull complete
fd31133e23d8: Pull complete
79b3835561d3: Pull complete
864b7b0f219e: Pull complete
07683a18a1c6: Pull complete
575d46df4705: Pull complete
d7466d782dc4: Pull complete
7e0b8e884178: Pull complete
4ef4f0c79ca2: Pull complete
c6700029e14a: Pull complete
5d96d7777a32: Pull complete
2e4313c0fc37: Pull complete
691050c00f32: Pull complete
Digest: sha256:c74379ac4509ce2d2c2633f509e67003ee2e45b6e995c5e43fc101f45a0e1fbe
Status: Downloaded newer image for louislam/uptime-kuma:2
docker.io/louislam/uptime-kuma:2
>> Tagging to ghcr.io/whitisnotme/image-01:2...
>> Pushing...
The push refers to repository [ghcr.io/whitisnotme/image-01]
65a3a8ee499d: Preparing
1999aadba9d2: Preparing
c85b7e98da41: Preparing
0a1ef3c40c42: Preparing
a6aa9e853ab4: Preparing
52e7199731a0: Preparing
d851ca0ccd01: Preparing
89836a1c1621: Preparing
79322376f0cd: Preparing
44f3d177f74b: Preparing
af21bd06fa57: Preparing
ee296e343ee4: Preparing
eb864f7a9396: Preparing
f991d7c79d12: Preparing
b2008ac19409: Preparing
44f3d177f74b: Waiting
af21bd06fa57: Waiting
ee296e343ee4: Waiting
eb864f7a9396: Waiting
d851ca0ccd01: Waiting
89836a1c1621: Waiting
52e7199731a0: Waiting
79322376f0cd: Waiting
b2008ac19409: Waiting
1999aadba9d2: Layer already exists
65a3a8ee499d: Layer already exists
a6aa9e853ab4: Layer already exists
c85b7e98da41: Layer already exists
0a1ef3c40c42: Layer already exists
52e7199731a0: Layer already exists
d851ca0ccd01: Layer already exists
79322376f0cd: Layer already exists
89836a1c1621: Layer already exists
44f3d177f74b: Layer already exists
ee296e343ee4: Layer already exists
af21bd06fa57: Layer already exists
f991d7c79d12: Layer already exists
eb864f7a9396: Layer already exists
b2008ac19409: Pushed
2: digest: sha256:f419ccba0c787f0a6eb162da3f0216b68e726b8af904274f4cc0cde1051be066 size: 3468
=== Sync Success: 2026-09-23 03:04:34 ===
