=== Sync Start: 2026-05-28 09:41:11 ===
>> Pulling louislam/uptime-kuma:2...
2: Pulling from louislam/uptime-kuma
ff86ea2e5edc: Pulling fs layer
82dd35b9bc5d: Pulling fs layer
d0513e5eafd9: Pulling fs layer
539f12fec8ec: Pulling fs layer
bba7366a523c: Pulling fs layer
d88c0736281e: Pulling fs layer
652705e89a7c: Pulling fs layer
7280544c567b: Pulling fs layer
f07645a67307: Pulling fs layer
ef05c1df2dae: Pulling fs layer
1f1e48d00ac5: Pulling fs layer
b1492d69cf92: Pulling fs layer
c813d5eead7d: Pulling fs layer
cd10f06b0a16: Pulling fs layer
539f12fec8ec: Waiting
bba7366a523c: Waiting
d88c0736281e: Waiting
652705e89a7c: Waiting
7280544c567b: Waiting
f07645a67307: Waiting
ef05c1df2dae: Waiting
1f1e48d00ac5: Waiting
cd10f06b0a16: Waiting
b1492d69cf92: Waiting
c813d5eead7d: Waiting
82dd35b9bc5d: Download complete
539f12fec8ec: Verifying Checksum
539f12fec8ec: Download complete
ff86ea2e5edc: Verifying Checksum
ff86ea2e5edc: Download complete
d0513e5eafd9: Verifying Checksum
d0513e5eafd9: Download complete
bba7366a523c: Verifying Checksum
bba7366a523c: Download complete
652705e89a7c: Verifying Checksum
652705e89a7c: Download complete
d88c0736281e: Verifying Checksum
d88c0736281e: Download complete
7280544c567b: Verifying Checksum
7280544c567b: Download complete
ef05c1df2dae: Verifying Checksum
ef05c1df2dae: Download complete
ff86ea2e5edc: Pull complete
1f1e48d00ac5: Download complete
c813d5eead7d: Verifying Checksum
c813d5eead7d: Download complete
f07645a67307: Verifying Checksum
f07645a67307: Download complete
82dd35b9bc5d: Pull complete
cd10f06b0a16: Verifying Checksum
cd10f06b0a16: Download complete
d0513e5eafd9: Pull complete
539f12fec8ec: Pull complete
bba7366a523c: Pull complete
d88c0736281e: Pull complete
652705e89a7c: Pull complete
7280544c567b: Pull complete
f07645a67307: Pull complete
ef05c1df2dae: Pull complete
1f1e48d00ac5: Pull complete
b1492d69cf92: Verifying Checksum
b1492d69cf92: Download complete
b1492d69cf92: Pull complete
c813d5eead7d: Pull complete
cd10f06b0a16: Pull complete
Digest: sha256:9aeb4e51d038047f414309c77a1af553281ca535723cb88907d907269d0a908e
Status: Downloaded newer image for louislam/uptime-kuma:2
docker.io/louislam/uptime-kuma:2
>> Tagging to ghcr.io/whitisnotme/dXB0aW1lLWt1bWE:2...
