=== Sync Start: 2026-07-25 02:23:43 ===
>> Pulling wujunwei928/parse-video-py:latest...
latest: Pulling from wujunwei928/parse-video-py
062e450697fa: Pulling fs layer
60e855e0dd95: Pulling fs layer
2f7d10ea5bd9: Pulling fs layer
acf9e06c2d45: Pulling fs layer
4550d7632f4e: Pulling fs layer
36db740cf929: Pulling fs layer
756fd2ccec79: Pulling fs layer
9766500e88ad: Pulling fs layer
72e4b51d3804: Pulling fs layer
acf9e06c2d45: Waiting
4550d7632f4e: Waiting
36db740cf929: Waiting
756fd2ccec79: Waiting
9766500e88ad: Waiting
72e4b51d3804: Waiting
60e855e0dd95: Verifying Checksum
60e855e0dd95: Download complete
2f7d10ea5bd9: Download complete
062e450697fa: Verifying Checksum
062e450697fa: Download complete
acf9e06c2d45: Verifying Checksum
acf9e06c2d45: Download complete
36db740cf929: Verifying Checksum
36db740cf929: Download complete
756fd2ccec79: Verifying Checksum
756fd2ccec79: Download complete
9766500e88ad: Download complete
4550d7632f4e: Verifying Checksum
4550d7632f4e: Download complete
062e450697fa: Pull complete
72e4b51d3804: Verifying Checksum
72e4b51d3804: Download complete
60e855e0dd95: Pull complete
2f7d10ea5bd9: Pull complete
acf9e06c2d45: Pull complete
4550d7632f4e: Pull complete
36db740cf929: Pull complete
756fd2ccec79: Pull complete
9766500e88ad: Pull complete
72e4b51d3804: Pull complete
Digest: sha256:86a2f9f5fc67be2dfcae7d1b2b36384fb785da96e4f4244c011269c4282a9da2
Status: Downloaded newer image for wujunwei928/parse-video-py:latest
docker.io/wujunwei928/parse-video-py:latest
>> Tagging to ghcr.io/whitisnotme/image-03:latest...
>> Pushing...
The push refers to repository [ghcr.io/whitisnotme/image-03]
0d72b23d6cbe: Preparing
3007aab991ca: Preparing
708b6f10e8d7: Preparing
2f2bdff662d0: Preparing
f5e224d148a2: Preparing
85579ebf440f: Preparing
ea06dab957fd: Preparing
6a8e860a2471: Preparing
f2ec4de84f55: Preparing
85579ebf440f: Waiting
ea06dab957fd: Waiting
6a8e860a2471: Waiting
f2ec4de84f55: Waiting
3007aab991ca: Pushed
2f2bdff662d0: Pushed
708b6f10e8d7: Pushed
85579ebf440f: Pushed
6a8e860a2471: Pushed
f5e224d148a2: Pushed
ea06dab957fd: Pushed
0d72b23d6cbe: Pushed
f2ec4de84f55: Pushed
latest: digest: sha256:e4380b6b9a9c16ab742ab8ac95cbaaad9a347419f75acfb12fb907e79679a29c size: 2205
=== Sync Success: 2026-07-25 02:23:57 ===
