=== Sync Start: 2026-06-21 02:15:10 ===
>> Pulling logvar/danmu-api:latest...
latest: Pulling from logvar/danmu-api
55afa1ecc21d: Pulling fs layer
1ab5d8a304ff: Pulling fs layer
3c142f572651: Pulling fs layer
875728841659: Pulling fs layer
c5b45c24e544: Pulling fs layer
06d5a59bc0d2: Pulling fs layer
5ac72dc1ee5a: Pulling fs layer
6f5efcf8631d: Pulling fs layer
908cd38bbcf5: Pulling fs layer
875728841659: Waiting
c5b45c24e544: Waiting
06d5a59bc0d2: Waiting
5ac72dc1ee5a: Waiting
6f5efcf8631d: Waiting
908cd38bbcf5: Waiting
3c142f572651: Verifying Checksum
3c142f572651: Download complete
55afa1ecc21d: Verifying Checksum
55afa1ecc21d: Download complete
1ab5d8a304ff: Verifying Checksum
1ab5d8a304ff: Download complete
55afa1ecc21d: Pull complete
875728841659: Verifying Checksum
875728841659: Download complete
c5b45c24e544: Verifying Checksum
c5b45c24e544: Download complete
06d5a59bc0d2: Verifying Checksum
06d5a59bc0d2: Download complete
6f5efcf8631d: Verifying Checksum
6f5efcf8631d: Download complete
5ac72dc1ee5a: Verifying Checksum
5ac72dc1ee5a: Download complete
908cd38bbcf5: Verifying Checksum
908cd38bbcf5: Download complete
1ab5d8a304ff: Pull complete
3c142f572651: Pull complete
875728841659: Pull complete
c5b45c24e544: Pull complete
06d5a59bc0d2: Pull complete
5ac72dc1ee5a: Pull complete
6f5efcf8631d: Pull complete
908cd38bbcf5: Pull complete
Digest: sha256:e214bec49e85cb283c24fa11bfb919a0878ce0ca0c53d048f838a4acdc2ac8db
Status: Downloaded newer image for logvar/danmu-api:latest
docker.io/logvar/danmu-api:latest
>> Tagging to ghcr.io/whitisnotme/image-04:latest...
>> Pushing...
The push refers to repository [ghcr.io/whitisnotme/image-04]
90587b8f9bbd: Preparing
b1a322bd9324: Preparing
380b8102e2ee: Preparing
f23604d98541: Preparing
311b52284852: Preparing
1e1b55dd7f51: Preparing
61cadb589adf: Preparing
67d07178115b: Preparing
34884abbe928: Preparing
1e1b55dd7f51: Waiting
61cadb589adf: Waiting
67d07178115b: Waiting
34884abbe928: Waiting
f23604d98541: Pushed
90587b8f9bbd: Pushed
311b52284852: Pushed
b1a322bd9324: Pushed
1e1b55dd7f51: Pushed
380b8102e2ee: Pushed
61cadb589adf: Pushed
34884abbe928: Pushed
67d07178115b: Pushed
latest: digest: sha256:13267e65bdebd84e152beb52b9862c533a7e4c6fcbeaef500ce5ce2d7df0b441 size: 2201
=== Sync Success: 2026-06-21 02:15:30 ===
